// Jest Snapshot v1, https://goo.gl/fbAQLP

exports[`Footer snapshop Comprobar la ui del componente Footer 1`] = `
<div
  className="Footer footer-main"
>
  <p
    className="Footer-title"
  >
    Platzi Store
  </p>
  <p
    className="Footer-copy"
  >
    Todos los Izquierdos Reservados
  </p>
</div>
`;
